// Jest Snapshot v1, https://goo.gl/fbAQLP

exports[`it works 1`] = `
.c0 {
  position: relative;
  width: 100%;
  height: 55px;
  display: -webkit-box;
  display: -webkit-flex;
  display: -ms-flexbox;
  display: flex;
  -webkit-align-items: center;
  -webkit-box-align: center;
  -ms-flex-align: center;
  align-items: center;
  -webkit-box-pack: center;
  -webkit-justify-content: center;
  -ms-flex-pack: center;
  justify-content: center;
  background: #007aff;
  border-radius: 10px;
  font-weight: 500;
  font-size: 17px;
  line-height: 16px;
  text-align: center;
  -webkit-letter-spacing: -0.14px;
  -moz-letter-spacing: -0.14px;
  -ms-letter-spacing: -0.14px;
  letter-spacing: -0.14px;
  color: #ffffff;
  -webkit-transition: -webkit-transform 0.075s ease;
  -webkit-transition: transform 0.075s ease;
  transition: transform 0.075s ease;
  -webkit-user-select: none;
  -moz-user-select: none;
  -ms-user-select: none;
  user-select: none;
  cursor: pointer;
  -webkit-tap-highlight-color: transparent;
  background-color: #f2f2f2;
  color: #007aff;
}

.c0:active {
  -webkit-transform: scale(0.95,0.95);
  -ms-transform: scale(0.95,0.95);
  transform: scale(0.95,0.95);
}

.c0:hover {
  background-color: #0072ef;
}

.c0:hover {
  background-color: #f9f9f9;
}

<div
  className="c0"
/>
`;
